; ModuleID = 'GetCodeBlockFromStackBase'
source_filename = "/home/u/project/annotated/deegen_common_snippets/get_codeblock_from_stack_base.cpp"
target datalayout = "e-m:e-p270:32:32-p271:32:32-p272:64:64-i64:64-f80:128-n8:16:32:64-S128"
target triple = "x86_64-pc-linux-gnu"

%0 = type { ptr addrspace(256), ptr, ptr, i32, i32 }

; Function Attrs: mustprogress nofree nosync nounwind readonly willreturn uwtable
define dso_local noundef ptr @__DeegenImpl_CommonSnippetLib_GetCodeBlockFromStackBase(ptr nocapture noundef readonly %0) #0 {
  %2 = getelementptr inbounds %0, ptr %0, i64 -1
  %3 = load ptr addrspace(256), ptr %2, align 8, !tbaa !3
  %.sroa.0.0.copyload6.i.i = load i32, ptr addrspace(256) %3, align 4, !tbaa !9
  %4 = zext i32 %.sroa.0.0.copyload6.i.i to i64
  %5 = load ptr, ptr addrspace(256) null, align 4294967296, !tbaa !10
  %6 = ptrtoint ptr %5 to i64
  %7 = add i64 %6, %4
  %8 = inttoptr i64 %7 to ptr
  ret ptr %8
}

attributes #0 = { mustprogress nofree nosync nounwind readonly willreturn uwtable "frame-pointer"="none" "min-legal-vector-width"="0" "no-trapping-math"="true" "stack-protector-buffer-size"="8" "target-cpu"="x86-64" "target-features"="+bmi,+cx8,+fsgsbase,+fxsr,+mmx,+sse,+sse2,+x87" "tune-cpu"="generic" }

!llvm.linker.options = !{}
!llvm.module.flags = !{!0, !1}
!llvm.ident = !{!2}

!0 = !{i32 1, !"wchar_size", i32 4}
!1 = !{i32 7, !"uwtable", i32 2}
!2 = !{!"Ubuntu clang version 15.0.0-++20220905103059+4ba6a9c9f65b-1~exp1~20220905103153.49"}
!3 = !{!4, !5, i64 0}
!4 = !{!"_ZTS16StackFrameHeader", !5, i64 0, !5, i64 8, !5, i64 16, !8, i64 24, !8, i64 28}
!5 = !{!"any pointer", !6, i64 0}
!6 = !{!"omnipotent char", !7, i64 0}
!7 = !{!"Simple C++ TBAA"}
!8 = !{!"int", !6, i64 0}
!9 = !{!6, !6, i64 0}
!10 = !{!5, !5, i64 0}
