; ModuleID = 'extracted_ir'
source_filename = "/home/u/project/annotated/unit_test/proven_type_specialization.cpp"
target datalayout = "e-m:e-p270:32:32-p271:32:32-p272:64:64-i64:64-f80:128-n8:16:32:64-S128"
target triple = "x86_64-pc-linux-gnu"

; Function Attrs: noreturn
declare void @_ZN9DeegenAPI6ReturnE6TValue(i64) local_unnamed_addr #0

; Function Attrs: noreturn nounwind uwtable
define dso_local void @testfn2(i64 %0) #1 {
  tail call void @_ZN9DeegenAPI6ReturnE6TValue(i64 4638355772470722560) #2
  unreachable
}

attributes #0 = { noreturn "frame-pointer"="none" "no-trapping-math"="true" "stack-protector-buffer-size"="8" "target-cpu"="x86-64" "target-features"="+cx8,+fsgsbase,+fxsr,+mmx,+sse,+sse2,+x87" "tune-cpu"="generic" }
attributes #1 = { noreturn nounwind uwtable "frame-pointer"="none" "min-legal-vector-width"="0" "no-trapping-math"="true" "stack-protector-buffer-size"="8" "target-cpu"="x86-64" "target-features"="+cx8,+fsgsbase,+fxsr,+mmx,+sse,+sse2,+x87" "tune-cpu"="generic" }
attributes #2 = { noreturn nounwind }

!llvm.linker.options = !{}
!llvm.module.flags = !{!0, !1, !2, !3}
!llvm.ident = !{!4}

!0 = !{i32 1, !"wchar_size", i32 4}
!1 = !{i32 7, !"PIC Level", i32 2}
!2 = !{i32 7, !"PIE Level", i32 2}
!3 = !{i32 7, !"uwtable", i32 1}
!4 = !{!"Ubuntu clang version 14.0.6-++20220622053131+f28c006a5895-1~exp1~20220622173215.157"}
