; ModuleID = 'extracted_ir'
source_filename = "/home/u/project/annotated/unit_test/return_value_accessor_api_lowering.cpp"
target datalayout = "e-m:e-p270:32:32-p271:32:32-p272:64:64-i64:64-f80:128-n8:16:32:64-S128"
target triple = "x86_64-pc-linux-gnu"

%0 = type { ptr addrspace(256), ptr, ptr, i32, i32 }
%1 = type { %2, i8, i8, i32, ptr, ptr }
%2 = type { i8, i8 }

@__deegen_interpreter_dispatch_table = external dso_local local_unnamed_addr constant [0 x ptr], align 8

; Function Attrs: nounwind
define dso_local void @__deegen_interpreter_op_test7_0_retcont_0(ptr %coroutineCtx, ptr %stackBase, ptr nocapture readonly %retStart, ptr nocapture readnone %numRet, i64 %0) #0 {
  %2 = getelementptr inbounds %0, ptr %stackBase, i64 -1
  %3 = load ptr addrspace(256), ptr %2, align 8, !tbaa !3
  %.sroa.0.0.copyload6.i.i.i = load i32, ptr addrspace(256) %3, align 4, !tbaa !9
  %4 = zext i32 %.sroa.0.0.copyload6.i.i.i to i64
  %5 = load ptr, ptr addrspace(256) null, align 4294967296, !tbaa !10
  %6 = ptrtoint ptr %5 to i64
  %7 = add i64 %6, %4
  %8 = inttoptr i64 %7 to ptr
  %9 = getelementptr %0, ptr %stackBase, i64 -1, i32 3
  %10 = load i32, ptr %9, align 8, !tbaa !11
  %11 = getelementptr inbounds %1, ptr %8, i64 0, i32 4
  %12 = load ptr, ptr %11, align 8, !tbaa !12
  %13 = zext i32 %10 to i64
  %14 = getelementptr inbounds i8, ptr %12, i64 %13
  %15 = tail call noundef ptr @_Z2d1v() #2
  %16 = load i64, ptr %retStart, align 8
  %17 = getelementptr inbounds i64, ptr %retStart, i64 1
  %18 = load i64, ptr %17, align 8
  store i64 %16, ptr %15, align 8
  %19 = getelementptr inbounds i64, ptr %15, i64 1
  store i64 %18, ptr %19, align 8
  %20 = getelementptr inbounds i8, ptr %14, i64 2
  %21 = load i16, ptr %20, align 1
  %22 = zext i16 %21 to i64
  %23 = getelementptr inbounds [0 x ptr], ptr @__deegen_interpreter_dispatch_table, i64 0, i64 %22
  %24 = load ptr, ptr %23, align 8
  musttail call void %24(ptr %coroutineCtx, ptr %stackBase, ptr nonnull %20, ptr %8, i64 undef) #2
  ret void
}

declare dso_local noundef ptr @_Z2d1v() local_unnamed_addr #1

attributes #0 = { nounwind "frame-pointer"="none" "min-legal-vector-width"="0" "no-trapping-math"="true" "stack-protector-buffer-size"="8" "target-cpu"="x86-64" "target-features"="+cx8,+fsgsbase,+fxsr,+mmx,+sse,+sse2,+x87" "tune-cpu"="generic" }
attributes #1 = { "frame-pointer"="none" "no-trapping-math"="true" "stack-protector-buffer-size"="8" "target-cpu"="x86-64" "target-features"="+cx8,+fsgsbase,+fxsr,+mmx,+sse,+sse2,+x87" "tune-cpu"="generic" }
attributes #2 = { nounwind }

!llvm.linker.options = !{}
!llvm.module.flags = !{!0, !1}
!llvm.ident = !{!2, !2, !2, !2, !2, !2, !2}

!0 = !{i32 1, !"wchar_size", i32 4}
!1 = !{i32 7, !"uwtable", i32 2}
!2 = !{!"Ubuntu clang version 15.0.0-++20220905103059+4ba6a9c9f65b-1~exp1~20220905103153.49"}
!3 = !{!4, !5, i64 0}
!4 = !{!"_ZTS16StackFrameHeader", !5, i64 0, !5, i64 8, !5, i64 16, !8, i64 24, !8, i64 28}
!5 = !{!"any pointer", !6, i64 0}
!6 = !{!"omnipotent char", !7, i64 0}
!7 = !{!"Simple C++ TBAA"}
!8 = !{!"int", !6, i64 0}
!9 = !{!6, !6, i64 0}
!10 = !{!5, !5, i64 0}
!11 = !{!4, !8, i64 24}
!12 = !{!13, !5, i64 8}
!13 = !{!"_ZTS14ExecutableCode", !14, i64 0, !6, i64 2, !17, i64 3, !8, i64 4, !5, i64 8, !5, i64 16}
!14 = !{!"_ZTS24SystemHeapGcObjectHeader", !15, i64 0, !16, i64 1}
!15 = !{!"_ZTS14HeapEntityType", !6, i64 0}
!16 = !{!"_ZTS11GcCellState", !6, i64 0}
!17 = !{!"bool", !6, i64 0}
