; ModuleID = 'extracted_ir'
source_filename = "/home/u/project/annotated/unit_test/user_lib_func_api.cpp"
target datalayout = "e-m:e-p270:32:32-p271:32:32-p272:64:64-i64:64-f80:128-n8:16:32:64-S128"
target triple = "x86_64-pc-linux-gnu"

%0 = type { %1, i8, i8, i32, ptr, ptr }
%1 = type { i8, i8 }
%struct.TValue = type { i64 }

; Function Attrs: nounwind
declare dso_local ghccc void @DeegenInternal_UserLibFunctionReturnContinuationTrueEntryPoint_testcont1(ptr, ptr nocapture readonly, ptr nocapture readnone, ptr nocapture readnone, i64, ptr, i64, i64, i64, i64) #0

; Function Attrs: nounwind
define dso_local ghccc void @DeegenInternal_UserLibFunctionTrueEntryPoint_testfn7(ptr %0, ptr %1, ptr %2, ptr nocapture readnone %3, i64 %4, ptr nocapture readnone %5, i64 %6, i64 %7, i64 %8, i64 %9) local_unnamed_addr #0 {
  %11 = getelementptr inbounds %struct.TValue, ptr %1, i64 4
  %12 = getelementptr %struct.TValue, ptr %1, i64 2
  store ptr @DeegenInternal_UserLibFunctionReturnContinuationTrueEntryPoint_testcont1, ptr %12, align 8, !tbaa !3
  %13 = getelementptr %struct.TValue, ptr %1, i64 1
  store ptr %1, ptr %13, align 8, !tbaa !9
  %14 = getelementptr %struct.TValue, ptr %1, i64 3
  store i32 0, ptr %14, align 8, !tbaa !10
  %15 = getelementptr i8, ptr %1, i64 28
  store i32 0, ptr %15, align 4, !tbaa !11
  %16 = load i64, ptr %1, align 8
  %17 = inttoptr i64 %16 to ptr addrspace(256)
  %.sroa.0.0.copyload6.i.i.i = load i32, ptr addrspace(256) %17, align 4, !tbaa !12
  %18 = zext i32 %.sroa.0.0.copyload6.i.i.i to i64
  %19 = inttoptr i64 %18 to ptr addrspace(256)
  %20 = getelementptr inbounds %0, ptr addrspace(256) %19, i64 0, i32 5
  %21 = load ptr, ptr addrspace(256) %20, align 8, !tbaa !13
  %22 = addrspacecast ptr addrspace(256) %19 to ptr
  musttail call ghccc void %21(ptr %0, ptr nonnull %11, ptr null, ptr %22, i64 %4, ptr undef, i64 0, i64 undef, i64 undef, i64 %9) #1
  ret void
}

attributes #0 = { nounwind "frame-pointer"="none" "min-legal-vector-width"="0" "no-trapping-math"="true" "stack-protector-buffer-size"="8" "target-cpu"="x86-64" "target-features"="+cx8,+fsgsbase,+fxsr,+mmx,+sse,+sse2,+x87" "tune-cpu"="generic" }
attributes #1 = { nounwind }

!llvm.linker.options = !{}
!llvm.module.flags = !{!0, !1}
!llvm.ident = !{!2, !2, !2, !2, !2, !2}

!0 = !{i32 1, !"wchar_size", i32 4}
!1 = !{i32 7, !"uwtable", i32 2}
!2 = !{!"Ubuntu clang version 15.0.0-++20220905103059+4ba6a9c9f65b-1~exp1~20220905103153.49"}
!3 = !{!4, !5, i64 16}
!4 = !{!"_ZTS16StackFrameHeader", !5, i64 0, !5, i64 8, !5, i64 16, !8, i64 24, !8, i64 28}
!5 = !{!"any pointer", !6, i64 0}
!6 = !{!"omnipotent char", !7, i64 0}
!7 = !{!"Simple C++ TBAA"}
!8 = !{!"int", !6, i64 0}
!9 = !{!4, !5, i64 8}
!10 = !{!4, !8, i64 24}
!11 = !{!4, !8, i64 28}
!12 = !{!6, !6, i64 0}
!13 = !{!14, !5, i64 16}
!14 = !{!"_ZTS14ExecutableCode", !15, i64 0, !6, i64 2, !18, i64 3, !8, i64 4, !5, i64 8, !5, i64 16}
!15 = !{!"_ZTS24SystemHeapGcObjectHeader", !16, i64 0, !17, i64 1}
!16 = !{!"_ZTS14HeapEntityType", !6, i64 0}
!17 = !{!"_ZTS11GcCellState", !6, i64 0}
!18 = !{!"bool", !6, i64 0}
