; ModuleID = 'extracted_ir'
source_filename = "/home/u/project/annotated/unit_test/deegen_make_call_api.cpp"
target datalayout = "e-m:e-p270:32:32-p271:32:32-p272:64:64-i64:64-f80:128-n8:16:32:64-S128"
target triple = "x86_64-pc-linux-gnu"

%class.anon.0 = type { i8 }
%class.anon.12.1 = type { i8 }
%class.anon.14.2 = type { i8 }

; Function Attrs: mustprogress nounwind uwtable
declare dso_local noundef zeroext i1 @_Z19DeegenImpl_TValueIsI9tFunctionEb6TValue(i64) #0

; Function Attrs: mustprogress noreturn nounwind uwtable
define dso_local void @testfn1(i64 %0, i64 %1) #1 {
  %3 = alloca %class.anon.0, align 1
  %4 = alloca %class.anon.12.1, align 1
  %5 = alloca %class.anon.14.2, align 1
  %6 = call noundef zeroext i1 @_Z19DeegenImpl_TValueIsI9tFunctionEb6TValue(i64 %0)
  br i1 %6, label %7, label %11

7:                                                ; preds = %2
  %8 = call noundef ptr addrspace(256) @_Z19DeegenImpl_TValueAsI9tFunctionEDa6TValue(i64 %0)
  call void @llvm.lifetime.start.p0(i64 1, ptr nonnull %3) #7
  %9 = call fastcc noundef ptr @"_ZZ7testfn1ENK3$_0cvPFv6TValueS0_PS0_mEEv"(ptr noundef nonnull align 1 dereferenceable(1) %3) #7
  %10 = ptrtoint ptr addrspace(256) %8 to i64
  call void @__DeegenInternal_AstMakeCallIdentificationFunc_0(i1 false, i1 false, i1 false, i64 %10, ptr @"_ZZ7testfn1EN3$_08__invokeE6TValueS0_PS0_m", i64 0, i64 %0, i64 %1)
  unreachable

11:                                               ; preds = %2
  %12 = call noundef zeroext i1 @_Z19DeegenImpl_TValueIsI9tFunctionEb6TValue(i64 %1)
  br i1 %12, label %13, label %17

13:                                               ; preds = %11
  %14 = call noundef ptr addrspace(256) @_Z19DeegenImpl_TValueAsI9tFunctionEDa6TValue(i64 %1)
  call void @llvm.lifetime.start.p0(i64 1, ptr nonnull %4) #7
  %15 = call fastcc noundef ptr @"_ZZ7testfn1ENK3$_1cvPFv6TValueS0_PS0_mEEv"(ptr noundef nonnull align 1 dereferenceable(1) %4) #7
  %16 = ptrtoint ptr addrspace(256) %14 to i64
  call void @__DeegenInternal_AstMakeCallIdentificationFunc_1(i1 false, i1 false, i1 true, i64 %16, ptr @"_ZZ7testfn1EN3$_18__invokeE6TValueS0_PS0_m", i64 0, i64 %1, i64 %0)
  unreachable

17:                                               ; preds = %11
  %18 = call noundef ptr addrspace(256) @_Z9GetCallee6TValueS_(i64 %0, i64 %1) #7
  call void @llvm.lifetime.start.p0(i64 1, ptr nonnull %5) #7
  %19 = call fastcc noundef ptr @"_ZZ7testfn1ENK3$_2cvPFv6TValueS0_PS0_mEEv"(ptr noundef nonnull align 1 dereferenceable(1) %5) #7
  %20 = ptrtoint ptr addrspace(256) %18 to i64
  call void @__DeegenInternal_AstMakeCallIdentificationFunc_2(i1 false, i1 true, i1 false, i64 %20, ptr @"_ZZ7testfn1EN3$_28__invokeE6TValueS0_PS0_m", i64 1, i64 %0, i64 %1, i64 %0, i64 %1)
  unreachable
}

; Function Attrs: argmemonly nocallback nofree nosync nounwind willreturn
declare void @llvm.lifetime.start.p0(i64 immarg, ptr nocapture) #2

; Function Attrs: inlinehint mustprogress nounwind uwtable
declare dso_local fastcc noundef ptr @"_ZZ7testfn1ENK3$_0cvPFv6TValueS0_PS0_mEEv"(ptr noundef nonnull align 1 dereferenceable(1)) unnamed_addr #3 align 2

; Function Attrs: inlinehint mustprogress nounwind uwtable
declare dso_local fastcc noundef ptr @"_ZZ7testfn1ENK3$_1cvPFv6TValueS0_PS0_mEEv"(ptr noundef nonnull align 1 dereferenceable(1)) unnamed_addr #3 align 2

declare noundef ptr addrspace(256) @_Z9GetCallee6TValueS_(i64, i64) local_unnamed_addr #4

; Function Attrs: inlinehint mustprogress nounwind uwtable
declare dso_local fastcc noundef ptr @"_ZZ7testfn1ENK3$_2cvPFv6TValueS0_PS0_mEEv"(ptr noundef nonnull align 1 dereferenceable(1)) unnamed_addr #3 align 2

; Function Attrs: mustprogress nounwind uwtable
declare dso_local noundef ptr addrspace(256) @_Z19DeegenImpl_TValueAsI9tFunctionEDa6TValue(i64) local_unnamed_addr #0

; Function Attrs: inlinehint nounwind uwtable
declare dso_local void @"_ZZ7testfn1EN3$_08__invokeE6TValueS0_PS0_m"(i64, i64, ptr noundef, i64 noundef) #5 align 2

; Function Attrs: inlinehint nounwind uwtable
declare dso_local void @"_ZZ7testfn1EN3$_18__invokeE6TValueS0_PS0_m"(i64, i64, ptr noundef, i64 noundef) #5 align 2

; Function Attrs: inlinehint nounwind uwtable
declare dso_local void @"_ZZ7testfn1EN3$_28__invokeE6TValueS0_PS0_m"(i64, i64, ptr noundef, i64 noundef) #5 align 2

; Function Attrs: noreturn nounwind
declare void @__DeegenInternal_AstMakeCallIdentificationFunc_0(i1, i1, i1, i64, ptr, i64, i64, i64) #6

; Function Attrs: noreturn nounwind
declare void @__DeegenInternal_AstMakeCallIdentificationFunc_1(i1, i1, i1, i64, ptr, i64, i64, i64) #6

; Function Attrs: noreturn nounwind
declare void @__DeegenInternal_AstMakeCallIdentificationFunc_2(i1, i1, i1, i64, ptr, i64, i64, i64, i64, i64) #6

attributes #0 = { mustprogress nounwind uwtable "frame-pointer"="none" "min-legal-vector-width"="0" "no-trapping-math"="true" "stack-protector-buffer-size"="8" "target-cpu"="x86-64" "target-features"="+cx8,+fsgsbase,+fxsr,+mmx,+sse,+sse2,+x87" "tune-cpu"="generic" }
attributes #1 = { mustprogress noreturn nounwind uwtable "frame-pointer"="none" "min-legal-vector-width"="0" "no-trapping-math"="true" "stack-protector-buffer-size"="8" "target-cpu"="x86-64" "target-features"="+cx8,+fsgsbase,+fxsr,+mmx,+sse,+sse2,+x87" "tune-cpu"="generic" }
attributes #2 = { argmemonly nocallback nofree nosync nounwind willreturn }
attributes #3 = { inlinehint mustprogress nounwind uwtable "frame-pointer"="none" "min-legal-vector-width"="0" "no-trapping-math"="true" "stack-protector-buffer-size"="8" "target-cpu"="x86-64" "target-features"="+cx8,+fsgsbase,+fxsr,+mmx,+sse,+sse2,+x87" "tune-cpu"="generic" }
attributes #4 = { "frame-pointer"="none" "no-trapping-math"="true" "stack-protector-buffer-size"="8" "target-cpu"="x86-64" "target-features"="+cx8,+fsgsbase,+fxsr,+mmx,+sse,+sse2,+x87" "tune-cpu"="generic" }
attributes #5 = { inlinehint nounwind uwtable "frame-pointer"="none" "min-legal-vector-width"="0" "no-trapping-math"="true" "stack-protector-buffer-size"="8" "target-cpu"="x86-64" "target-features"="+cx8,+fsgsbase,+fxsr,+mmx,+sse,+sse2,+x87" "tune-cpu"="generic" }
attributes #6 = { noreturn nounwind }
attributes #7 = { nounwind }

!llvm.linker.options = !{}
!llvm.module.flags = !{!0, !1, !2, !3}
!llvm.ident = !{!4}

!0 = !{i32 1, !"wchar_size", i32 4}
!1 = !{i32 7, !"PIC Level", i32 2}
!2 = !{i32 7, !"PIE Level", i32 2}
!3 = !{i32 7, !"uwtable", i32 2}
!4 = !{!"Ubuntu clang version 15.0.0-++20220905103059+4ba6a9c9f65b-1~exp1~20220905103153.49"}
