; ModuleID = 'extracted_ir'
source_filename = "/home/u/project/annotated/unit_test/user_lib_func_api.cpp"
target datalayout = "e-m:e-p270:32:32-p271:32:32-p272:64:64-i64:64-f80:128-n8:16:32:64-S128"
target triple = "x86_64-pc-linux-gnu"

; Function Attrs: nounwind
define void @DeegenInternal_UserLibFunctionTrueEntryPoint_testfn4(ptr %0, ptr %1, ptr %2, ptr nocapture readnone %3, i64 %4) local_unnamed_addr #0 {
  %6 = icmp ult ptr %2, inttoptr (i64 3 to ptr)
  br i1 %6, label %.lr.ph.i.preheader, label %__DeegenImpl_CommonSnippetLib_PopulateNilForReturnValues.exit

.lr.ph.i.preheader:                               ; preds = %5
  %7 = ptrtoint ptr %2 to i64
  br label %.lr.ph.i

.lr.ph.i:                                         ; preds = %.lr.ph.i, %.lr.ph.i.preheader
  %.04.i = phi i64 [ %9, %.lr.ph.i ], [ %7, %.lr.ph.i.preheader ]
  %8 = getelementptr inbounds i64, ptr %1, i64 %.04.i
  store i64 -844429225099137, ptr %8, align 8, !tbaa !3
  %9 = add i64 %.04.i, 1
  %exitcond.not.i = icmp eq i64 %9, 3
  br i1 %exitcond.not.i, label %__DeegenImpl_CommonSnippetLib_PopulateNilForReturnValues.exit, label %.lr.ph.i, !llvm.loop !7

__DeegenImpl_CommonSnippetLib_PopulateNilForReturnValues.exit: ; preds = %.lr.ph.i, %5
  %10 = getelementptr inbounds i64, ptr %1, i64 -3
  %11 = load ptr, ptr %10, align 8, !tbaa !9
  %12 = getelementptr inbounds i64, ptr %1, i64 -2
  %13 = load ptr, ptr %12, align 8, !tbaa !13
  musttail call void %13(ptr %0, ptr %11, ptr %1, ptr %2, i64 undef) #1
  ret void
}

attributes #0 = { nounwind "frame-pointer"="none" "min-legal-vector-width"="0" "no-trapping-math"="true" "stack-protector-buffer-size"="8" "target-cpu"="x86-64" "target-features"="+cx8,+fsgsbase,+fxsr,+mmx,+sse,+sse2,+x87" "tune-cpu"="generic" }
attributes #1 = { nounwind }

!llvm.linker.options = !{}
!llvm.module.flags = !{!0, !1}
!llvm.ident = !{!2, !2, !2, !2, !2, !2}

!0 = !{i32 1, !"wchar_size", i32 4}
!1 = !{i32 7, !"uwtable", i32 2}
!2 = !{!"Ubuntu clang version 15.0.0-++20220905103059+4ba6a9c9f65b-1~exp1~20220905103153.49"}
!3 = !{!4, !4, i64 0}
!4 = !{!"long", !5, i64 0}
!5 = !{!"omnipotent char", !6, i64 0}
!6 = !{!"Simple C++ TBAA"}
!7 = distinct !{!7, !8}
!8 = !{!"llvm.loop.mustprogress"}
!9 = !{!10, !11, i64 8}
!10 = !{!"_ZTS16StackFrameHeader", !11, i64 0, !11, i64 8, !11, i64 16, !12, i64 24, !12, i64 28}
!11 = !{!"any pointer", !5, i64 0}
!12 = !{!"int", !5, i64 0}
!13 = !{!10, !11, i64 16}
