; ModuleID = 'extracted_ir'
source_filename = "/home/u/project/annotated/unit_test/proven_type_specialization.cpp"
target datalayout = "e-m:e-p270:32:32-p271:32:32-p272:64:64-i64:64-f80:128-n8:16:32:64-S128"
target triple = "x86_64-unknown-linux-gnu"

; Function Attrs: nounwind readnone willreturn uwtable
declare dso_local noundef zeroext i1 @_Z19DeegenImpl_TValueIsI4tNilEb6TValue(i64) #0

; Function Attrs: noreturn nounwind uwtable
define dso_local void @testfn2(i64 %0) #1 {
  %2 = tail call noundef zeroext i1 @_Z19DeegenImpl_TValueIsI4tNilEb6TValue(i64 %0) #3
  br i1 %2, label %4, label %3

3:                                                ; preds = %1
  tail call void @DeegenImpl_ReturnValue(i64 %0) #4
  unreachable

4:                                                ; preds = %1
  tail call void @DeegenImpl_ReturnValue(i64 4638355772470722560) #4
  unreachable
}

; Function Attrs: noreturn
declare dso_local void @DeegenImpl_ReturnValue(i64) local_unnamed_addr #2

attributes #0 = { nounwind readnone willreturn uwtable "frame-pointer"="none" "min-legal-vector-width"="0" "no-trapping-math"="true" "stack-protector-buffer-size"="8" "target-cpu"="x86-64" "target-features"="+bmi,+cx8,+fsgsbase,+fxsr,+mmx,+sse,+sse2,+x87" "tune-cpu"="generic" }
attributes #1 = { noreturn nounwind uwtable "frame-pointer"="none" "min-legal-vector-width"="0" "no-trapping-math"="true" "stack-protector-buffer-size"="8" "target-cpu"="x86-64" "target-features"="+bmi,+cx8,+fsgsbase,+fxsr,+mmx,+sse,+sse2,+x87" "tune-cpu"="generic" }
attributes #2 = { noreturn "frame-pointer"="none" "no-trapping-math"="true" "stack-protector-buffer-size"="8" "target-cpu"="x86-64" "target-features"="+bmi,+cx8,+fsgsbase,+fxsr,+mmx,+sse,+sse2,+x87" "tune-cpu"="generic" }
attributes #3 = { nounwind readnone willreturn }
attributes #4 = { noreturn nounwind }

!llvm.linker.options = !{}
!llvm.module.flags = !{!0, !1}

!0 = !{i32 1, !"wchar_size", i32 4}
!1 = !{i32 7, !"uwtable", i32 2}
