; ModuleID = 'extracted_ir'
source_filename = "/home/u/project/annotated/unit_test/return_value_accessor_api_lowering.cpp"
target datalayout = "e-m:e-p270:32:32-p271:32:32-p272:64:64-i64:64-f80:128-n8:16:32:64-S128"
target triple = "x86_64-pc-linux-gnu"

%0 = type { ptr addrspace(256), ptr, ptr, i32, i32 }
%1 = type { %2, i8, i8, i32, ptr, ptr }
%2 = type { i8, i8 }

@__deegen_interpreter_dispatch_table = external dso_local local_unnamed_addr constant [0 x ptr], align 8

; Function Attrs: nounwind
define dso_local ghccc void @__deegen_interpreter_op_test4_0_retcont_0(ptr %0, ptr nocapture readonly %1, ptr nocapture readnone %2, ptr nocapture readnone %3, i64 %4, ptr nocapture readonly %retStart, i64 %numRet, i64 %5, i64 %6, i64 %7) #0 {
  %9 = getelementptr %0, ptr %1, i64 -1, i32 1
  %10 = load ptr, ptr %9, align 8, !tbaa !3
  %11 = getelementptr inbounds %0, ptr %10, i64 -1
  %12 = load ptr addrspace(256), ptr %11, align 8, !tbaa !9
  %.sroa.0.0.copyload6.i.i.i = load i32, ptr addrspace(256) %12, align 4, !tbaa !10
  %13 = zext i32 %.sroa.0.0.copyload6.i.i.i to i64
  %14 = load ptr, ptr addrspace(256) null, align 4294967296, !tbaa !11
  %15 = ptrtoint ptr %14 to i64
  %16 = add i64 %15, %13
  %17 = inttoptr i64 %16 to ptr
  %18 = getelementptr %0, ptr %1, i64 -1, i32 3
  %19 = load i32, ptr %18, align 8, !tbaa !12
  %20 = getelementptr inbounds %1, ptr %17, i64 0, i32 4
  %21 = load ptr, ptr %20, align 8, !tbaa !13
  %22 = zext i32 %19 to i64
  %23 = getelementptr inbounds i8, ptr %21, i64 %22
  %24 = getelementptr inbounds i8, ptr %23, i64 2
  %25 = load i32, ptr %24, align 1
  %26 = tail call noundef i64 @_Z2a1v() #2
  %27 = icmp ult i64 %26, %numRet
  br i1 %27, label %28, label %__DeegenImpl_CommonSnippetLib_GetReturnValueAtSpecifiedOrdinal.exit

28:                                               ; preds = %8
  %29 = getelementptr inbounds i64, ptr %retStart, i64 %26
  %30 = load i64, ptr %29, align 8, !tbaa !19
  br label %__DeegenImpl_CommonSnippetLib_GetReturnValueAtSpecifiedOrdinal.exit

__DeegenImpl_CommonSnippetLib_GetReturnValueAtSpecifiedOrdinal.exit: ; preds = %28, %8
  %.0.i = phi i64 [ %30, %28 ], [ %7, %8 ]
  %outputSlot = zext i32 %25 to i64
  %31 = getelementptr inbounds i64, ptr %10, i64 %outputSlot
  store i64 %.0.i, ptr %31, align 8
  %32 = getelementptr inbounds i8, ptr %23, i64 6
  %33 = load i16, ptr %32, align 1
  %34 = zext i16 %33 to i64
  %35 = getelementptr inbounds [0 x ptr], ptr @__deegen_interpreter_dispatch_table, i64 0, i64 %34
  %36 = load ptr, ptr %35, align 8
  musttail call ghccc void %36(ptr %0, ptr nonnull %10, ptr nonnull %32, ptr nonnull %17, i64 %4, ptr undef, i64 undef, i64 undef, i64 undef, i64 %7) #2
  ret void
}

declare dso_local noundef i64 @_Z2a1v() local_unnamed_addr #1

attributes #0 = { nounwind "frame-pointer"="none" "min-legal-vector-width"="0" "no-trapping-math"="true" "stack-protector-buffer-size"="8" "target-cpu"="x86-64" "target-features"="+bmi,+cx8,+fsgsbase,+fxsr,+mmx,+sse,+sse2,+x87" "tune-cpu"="generic" }
attributes #1 = { "frame-pointer"="none" "no-trapping-math"="true" "stack-protector-buffer-size"="8" "target-cpu"="x86-64" "target-features"="+bmi,+cx8,+fsgsbase,+fxsr,+mmx,+sse,+sse2,+x87" "tune-cpu"="generic" }
attributes #2 = { nounwind }

!llvm.linker.options = !{}
!llvm.module.flags = !{!0, !1}
!llvm.ident = !{!2, !2, !2, !2, !2, !2, !2, !2, !2}

!0 = !{i32 1, !"wchar_size", i32 4}
!1 = !{i32 7, !"uwtable", i32 2}
!2 = !{!"Ubuntu clang version 15.0.0-++20220905103059+4ba6a9c9f65b-1~exp1~20220905103153.49"}
!3 = !{!4, !5, i64 8}
!4 = !{!"_ZTS16StackFrameHeader", !5, i64 0, !5, i64 8, !5, i64 16, !8, i64 24, !8, i64 28}
!5 = !{!"any pointer", !6, i64 0}
!6 = !{!"omnipotent char", !7, i64 0}
!7 = !{!"Simple C++ TBAA"}
!8 = !{!"int", !6, i64 0}
!9 = !{!4, !5, i64 0}
!10 = !{!6, !6, i64 0}
!11 = !{!5, !5, i64 0}
!12 = !{!4, !8, i64 24}
!13 = !{!14, !5, i64 8}
!14 = !{!"_ZTS14ExecutableCode", !15, i64 0, !6, i64 2, !18, i64 3, !8, i64 4, !5, i64 8, !5, i64 16}
!15 = !{!"_ZTS24SystemHeapGcObjectHeader", !16, i64 0, !17, i64 1}
!16 = !{!"_ZTS14HeapEntityType", !6, i64 0}
!17 = !{!"_ZTS11GcCellState", !6, i64 0}
!18 = !{!"bool", !6, i64 0}
!19 = !{!20, !20, i64 0}
!20 = !{!"long", !6, i64 0}
